// Jest Snapshot v1, https://goo.gl/fbAQLP

exports[`vue extractor should extract message from functional component 1`] = `
[
  {
    comment: undefined,
    context: undefined,
    id: Render function message,
    message: undefined,
    origin: [
      functional.vue,
      10,
      33,
    ],
  },
]
`;

exports[`vue extractor should extract message from vue file 1`] = `
[
  {
    comment: undefined,
    context: undefined,
    id: Setup message,
    message: undefined,
    origin: [
      test.vue.ts,
      4,
      0,
    ],
  },
  {
    comment: undefined,
    context: undefined,
    id: Script message,
    message: undefined,
    origin: [
      test.vue,
      19,
      20,
    ],
  },
  {
    comment: undefined,
    context: undefined,
    id: custom.id,
    message: My message,
    origin: [
      test.vue,
      27,
      11,
    ],
  },
  {
    comment: Message comment,
    context: undefined,
    id: my.message,
    message: My descriptor message,
    origin: [
      test.vue,
      29,
      10,
    ],
  },
  {
    comment: undefined,
    context: undefined,
    id: id used as message,
    message: undefined,
    origin: [
      test.vue,
      35,
      5,
    ],
  },
  {
    comment: undefined,
    context: undefined,
    id: My message without ID and context,
    message: undefined,
    origin: [
      test.vue,
      36,
      11,
    ],
  },
]
`;

exports[`vue extractor should support macro expansion 1`] = `
[
  {
    comment: undefined,
    context: undefined,
    id: W3aHmM,
    message: Hello from core macro,
    origin: [
      macro.vue.ts,
      5,
      0,
    ],
  },
  {
    comment: undefined,
    context: undefined,
    id: QBEpY5,
    message: Simple Trans,
    origin: [
      ,
      null,
      null,
    ],
  },
  {
    comment: undefined,
    context: another,
    id: ZZxZGw,
    message: Simple Trans,
    origin: [
      ,
      null,
      null,
    ],
  },
  {
    comment: this is a comment,
    context: undefined,
    id: 24lTfo,
    message: Trans with Comment,
    origin: [
      ,
      null,
      null,
    ],
  },
  {
    comment: undefined,
    context: undefined,
    id: some.id,
    message: Trans With Id,
    origin: [
      ,
      null,
      null,
    ],
  },
  {
    comment: undefined,
    context: undefined,
    id: 3TftrZ,
    message: Hello <0>{name}</0> welcome to {town} <1/><2>you are now <3><4>a {persona}</4></3></2>!,
    origin: [
      ,
      null,
      null,
    ],
  },
  {
    comment: undefined,
    context: undefined,
    id: OVaF9k,
    message: Hello {name},
    origin: [
      ,
      null,
      null,
    ],
  },
  {
    comment: undefined,
    context: undefined,
    id: esnaQO,
    message: {count, plural, one {# book} other {# books}},
    origin: [
      ,
      null,
      null,
    ],
  },
]
`;
